// Jest Snapshot v1, https://goo.gl/fbAQLP

exports[`Sidebar Menu component renders correctly 1`] = `
.c1 {
  text-align: center;
  height: 4.8rem;
  width: 4.8rem;
  line-height: 4.8rem;
  background-repeat: no-repeat;
  background-size: 100% 4px;
  background-position: 0 4.4rem;
  background-image: linear-gradient(black 0%,black 100%);
  -webkit-transition: background-size 100ms,background-position 100ms;
  transition: background-size 100ms,background-position 100ms;
}

.c1:hover {
  background-color: #057091;
  color: white;
  cursor: pointer;
}

.c2 {
  text-align: center;
  height: 4.8rem;
  width: 4.8rem;
  line-height: 4.8rem;
  background-repeat: no-repeat;
  background-size: 0 4px;
  background-position: 50% 4.4rem;
  background-image: linear-gradient(black 0%,black 100%);
  -webkit-transition: background-size 100ms,background-position 100ms;
  transition: background-size 100ms,background-position 100ms;
}

.c2:hover {
  background-color: #057091;
  color: white;
  cursor: pointer;
}

.c0 {
  display: -webkit-box;
  display: -webkit-flex;
  display: -ms-flexbox;
  display: flex;
  -webkit-flex-direction: row;
  -ms-flex-direction: row;
  flex-direction: row;
  height: 4.8rem;
  color: black;
}

<div
  className="c0"
>
  <div
    onMouseOut={[Function]}
    onMouseOver={[Function]}
  >
    <div>
      <div
        className="c1"
        onClick={[Function]}
        selected={true}
      >
        <i
          className="fa fa-globe"
        />
      </div>
    </div>
  </div>
  <div
    onMouseOut={[Function]}
    onMouseOver={[Function]}
  >
    <div>
      <div
        className="c2"
        onClick={[Function]}
        selected={false}
      >
        <i
          className="fa fa-id-card-o"
        />
      </div>
    </div>
  </div>
</div>
`;
