// Jest Snapshot v1, https://goo.gl/fbAQLP

exports[`Sidebar MenuItem component renders correctly 1`] = `
.c0 {
  text-align: center;
  height: 4.8rem;
  width: 4.8rem;
  line-height: 4.8rem;
  background-repeat: no-repeat;
  background-size: 100% 4px;
  background-position: 0 4.4rem;
  background-image: linear-gradient(black 0%,black 100%);
  -webkit-transition: background-size 100ms,background-position 100ms;
  transition: background-size 100ms,background-position 100ms;
}

.c0:hover {
  background-color: #057091;
  color: white;
  cursor: pointer;
}

<div
  onMouseOut={[Function]}
  onMouseOver={[Function]}
>
  <div>
    <div
      className="c0"
      onClick={[Function]}
      selected={true}
    >
      <i
        className="fa icon"
      />
    </div>
  </div>
</div>
`;
