// Jest Snapshot v1, https://goo.gl/fbAQLP

exports[`Sessions List component renders correctly with no sessions 1`] = `
<div
  className="sc-bxivhb edVTVS"
>
  Yikes, looks like you're not a member of any games. Want to start one?
</div>
`;

exports[`Sessions List component renders correctly with sessions 1`] = `
<div
  className="sc-ifAKCX gpvfwi"
>
  <div
    className="sc-htpNat hpQGuX"
    onClick={[Function]}
  >
    <div>
      <div
        className="sc-bwzfXH cIzktr"
      >
        testName
      </div>
    </div>
  </div>
</div>
`;
