// Jest Snapshot v1, https://goo.gl/fbAQLP

exports[`Label component renders correctly 1`] = `
.c0 {
  font-size: 1.3rem;
  font-weight: bold;
  display: block;
}

<label
  className="c0"
/>
`;
