// Jest Snapshot v1, https://goo.gl/fbAQLP

exports[`Header Button component renders correctly 1`] = `
<div
  className="sc-bdVaJa doLpOm"
/>
`;
