// Jest Snapshot v1, https://goo.gl/fbAQLP

exports[`Header Home component renders correctly 1`] = `
<div
  className="sc-bdVaJa kgrFwP"
  onClick={[Function]}
>
  <i
    className="fa fa-home"
  />
</div>
`;
