// Jest Snapshot v1, https://goo.gl/fbAQLP

exports[`Chat component renders correctly 1`] = `
.c1 {
  display: -webkit-box;
  display: -webkit-flex;
  display: -ms-flexbox;
  display: flex;
  -webkit-flex-direction: row;
  -ms-flex-direction: row;
  flex-direction: row;
}

.c3 {
  display: block;
  font-size: 1.3rem;
  margin-right: 1rem;
  padding-left: 1rem;
  cursor: pointer;
}

.c3 i {
  -webkit-transform: rotate(45deg);
  -ms-transform: rotate(45deg);
  transform: rotate(45deg);
}

.c2 {
  margin-left: auto;
}

.c7 {
  line-height: 2.5rem;
  font-size: 1.3rem;
  padding: 0 1rem;
}

.c6 {
  border: 0;
  height: 50px;
  line-height: 3rem;
  padding: 1rem;
  display: block;
  width: 100%;
  resize: none;
  border-radius: 5px;
  font-size: 1.5rem;
  font-family: -apple-system,BlinkMacSystemFont,  "Segoe UI","Roboto","Oxygen","Ubuntu","Cantarell","Fira Sans","Droid Sans",  "Helvetica Neue",sans-serif;
}

.c4 {
  min-height: 0;
  -webkit-flex: 1;
  -ms-flex: 1;
  flex: 1;
}

.c5 {
  overflow-y: hidden;
  overflow-x: hidden;
  width: 315px;
  height: 100%;
  display: -webkit-box;
  display: -webkit-flex;
  display: -ms-flexbox;
  display: flex;
  -webkit-flex-direction: column;
  -ms-flex-direction: column;
  flex-direction: column;
  -webkit-flex: none;
  -ms-flex: none;
  flex: none;
  -webkit-align-items: flex-end;
  -webkit-box-align: flex-end;
  -ms-flex-align: flex-end;
  align-items: flex-end;
}

.c0 {
  width: 320px;
  overflow: hidden;
  border-radius: 5px;
  box-shadow: 0 3px 5px 0 rgba(0,0,0,0.2);
  height: auto;
  position: absolute;
  top: auto;
  right: 1rem;
  bottom: 1rem;
  display: -webkit-box;
  display: -webkit-flex;
  display: -ms-flexbox;
  display: flex;
  -webkit-flex-direction: column;
  -ms-flex-direction: column;
  flex-direction: column;
}

<div
  className="c0"
>
  <div
    className="c1"
  >
    <div
      className="c2"
    >
      <div
        onMouseOut={[Function]}
        onMouseOver={[Function]}
      >
        <div>
          <div
            className="c3"
            onClick={[Function]}
          >
            <i
              className="fa fa-thumb-tack"
            />
          </div>
        </div>
      </div>
    </div>
  </div>
  <div
    className="c4"
  >
    <div
      className="c5"
    />
  </div>
  <form
    className=""
  >
    <textarea
      className="c6"
      onChange={[Function]}
      onKeyUp={[Function]}
      placeholder="Send a message..."
      style={Object {}}
      type="text"
      value=""
    />
  </form>
  <div
    className="c7"
  >
    /roll 1d6, 
    <strong>
      *bold*
    </strong>
     
    <em>
      _italic_
    </em>
  </div>
</div>
`;
