// Jest Snapshot v1, https://goo.gl/fbAQLP

exports[`Chat Info component renders correctly 1`] = `
.c0 {
  line-height: 2.5rem;
  font-size: 1.3rem;
  padding: 0 1rem;
}

<div
  className="c0"
>
  /roll 1d6, 
  <strong>
    *bold*
  </strong>
   
  <em>
    _italic_
  </em>
</div>
`;
