// Jest Snapshot v1, https://goo.gl/fbAQLP

exports[`Chat MessageList component renders correctly 1`] = `
.c0 {
  min-height: 0;
  -webkit-flex: 1;
  -ms-flex: 1;
  flex: 1;
}

.c1 {
  overflow-y: hidden;
  overflow-x: hidden;
  width: 315px;
  height: 100%;
  display: -webkit-box;
  display: -webkit-flex;
  display: -ms-flexbox;
  display: flex;
  -webkit-flex-direction: column;
  -ms-flex-direction: column;
  flex-direction: column;
  -webkit-flex: none;
  -ms-flex: none;
  flex: none;
  -webkit-align-items: flex-end;
  -webkit-box-align: flex-end;
  -ms-flex-align: flex-end;
  align-items: flex-end;
}

<div
  className="c0"
>
  <div
    className="c1"
  />
</div>
`;
