// Jest Snapshot v1, https://goo.gl/fbAQLP

exports[`Sidebar Sessions component renders correctly 1`] = `<div />`;
