// Jest Snapshot v1, https://goo.gl/fbAQLP

exports[`Settings ThemeSwitcher component renders correctly 1`] = `
.c0 {
  font-size: 1.3rem;
  color: #3c3c3c;
  font-weight: bold;
  display: block;
}

.c2 {
  display: inline-block;
  font-size: 1.3rem;
  line-height: 3rem;
  height: 3rem;
  padding: 0 1rem;
  outline: 0;
  color: #eee;
  background: #046380;
  box-shadow: inset 0 -20px 10px -10px #045d78;
  border: none;
  border-radius: 4px;
  cursor: pointer;
  -webkit-transition: background,box-shadow;
  transition: background,box-shadow;
  -webkit-transition-duration: 0.1s;
  transition-duration: 0.1s;
  -webkit-transition-timing-function: cubic-bezier(0.25,0.46,0.45,0.94);
  transition-timing-function: cubic-bezier(0.25,0.46,0.45,0.94);
  -webkit-flex: 1;
  -ms-flex: 1;
  flex: 1;
  background: #8c9b7a;
  box-shadow: inset 0 -20px 10px -10px #849273;
}

.c2:hover {
  background: #045a74;
  box-shadow: inset 0 -20px 10px -10px #03546d;
  -webkit-transition: background,box-shadow;
  transition: background,box-shadow;
  -webkit-transition-duration: 0.1s;
  transition-duration: 0.1s;
  -webkit-transition-timing-function: cubic-bezier(0.25,0.46,0.45,0.94);
  transition-timing-function: cubic-bezier(0.25,0.46,0.45,0.94);
}

.c2:hover {
  background: #7f8d6f;
  box-shadow: inset 0 -20px 10px -10px #778468;
}

.c3 {
  display: inline-block;
  font-size: 1.3rem;
  line-height: 3rem;
  height: 3rem;
  padding: 0 1rem;
  outline: 0;
  color: #eee;
  background: #046380;
  box-shadow: inset 0 -20px 10px -10px #045d78;
  border: none;
  border-radius: 4px;
  cursor: pointer;
  -webkit-transition: background,box-shadow;
  transition: background,box-shadow;
  -webkit-transition-duration: 0.1s;
  transition-duration: 0.1s;
  -webkit-transition-timing-function: cubic-bezier(0.25,0.46,0.45,0.94);
  transition-timing-function: cubic-bezier(0.25,0.46,0.45,0.94);
  -webkit-flex: 1;
  -ms-flex: 1;
  flex: 1;
  background: transparent;
  box-shadow: none;
  border: 1px solid black;
  color: black;
  margin-left: 5px;
}

.c3:hover {
  background: #045a74;
  box-shadow: inset 0 -20px 10px -10px #03546d;
  -webkit-transition: background,box-shadow;
  transition: background,box-shadow;
  -webkit-transition-duration: 0.1s;
  transition-duration: 0.1s;
  -webkit-transition-timing-function: cubic-bezier(0.25,0.46,0.45,0.94);
  transition-timing-function: cubic-bezier(0.25,0.46,0.45,0.94);
}

.c3:hover {
  box-shadow: inset 0 -20px 10px -10px #d2d2d2;
  background: transparent;
}

.c1 {
  display: -webkit-box;
  display: -webkit-flex;
  display: -ms-flexbox;
  display: flex;
}

<div>
  <label
    className="c0"
  >
    Theme
  </label>
  <div
    className="c1"
  >
    <button
      className="c2"
      onClick={[Function]}
    >
      Light
    </button>
    <button
      className="c3"
      onClick={[Function]}
    >
      Dark
    </button>
  </div>
</div>
`;
