// Jest Snapshot v1, https://goo.gl/fbAQLP

exports[`Sessions List component renders correctly with no sessions 1`] = `
.c0 {
  margin: 2rem 0;
}

<div
  className="c0"
>
  Yikes, looks like you're not a member of any games. Want to start one?
</div>
`;

exports[`Sessions List component renders correctly with sessions 1`] = `
.c2 {
  font-family: Lora;
  font-size: 1.8rem;
}

.c1 {
  padding: 1rem;
  border-radius: 5px;
  margin: 0 1rem 2rem;
  -webkit-flex: 1 0 25%;
  -ms-flex: 1 0 25%;
  flex: 1 0 25%;
  max-width: 25%;
  min-height: 100px;
  cursor: pointer;
}

.c0 {
  display: -webkit-box;
  display: -webkit-flex;
  display: -ms-flexbox;
  display: flex;
  -webkit-flex-wrap: wrap;
  -ms-flex-wrap: wrap;
  flex-wrap: wrap;
  margin-left: -1rem;
  margin-right: -1rem;
}

<div
  className="c0"
>
  <div
    className="c1"
    onClick={[Function]}
  >
    <div>
      <div
        className="c2"
      >
        testName
      </div>
    </div>
  </div>
</div>
`;
