// Jest Snapshot v1, https://goo.gl/fbAQLP

exports[`Input component renders correctly 1`] = `
<input
  className="sc-bdVaJa ccaCmd"
/>
`;
